
> kimberly-scheduler@1.0.0 test:e2e
> npx playwright install && playwright test


Running 8 tests using 1 worker

[1A[2K[1/8] [chromium] 鈥?tests\e2e\basic-test.spec.ts:3:5 鈥?app loads successfully
[1A[2K[2/8] [chromium] 鈥?tests\e2e\calendar-views.spec.ts:4:7 鈥?Calendar Views 鈥?can switch between calendar views
[1A[2K[3/8] [chromium] 鈥?tests\e2e\event-management.spec.ts:4:7 鈥?Event Management 鈥?can create a repeating event and delete it
[1A[2K  1) [chromium] 鈥?tests\e2e\event-management.spec.ts:4:7 鈥?Event Management 鈥?can create a repeating event and delete it 

    [31mTest timeout of 60000ms exceeded.[39m

    Error: locator.selectOption: Test timeout of 60000ms exceeded.
    Call log:
    [2m  - waiting for locator('select').first()[22m
    [2m    - locator resolved to <select name="kid" required="" class="w-full px-4 py-2 border border-gray-300 rounded-lg focus:outline-none focus:ring-2 focus:ring-indigo-600"></select>[22m
    [2m  - attempting select option action[22m
    [2m    2 脳 waiting for element to be visible and enabled[22m
    [2m      - did not find some options[22m
    [2m    - retrying select option action[22m
    [2m    - waiting 20ms[22m
    [2m    2 脳 waiting for element to be visible and enabled[22m
    [2m      - did not find some options[22m
    [2m    - retrying select option action[22m
    [2m      - waiting 100ms[22m
    [2m    108 脳 waiting for element to be visible and enabled[22m
    [2m        - did not find some options[22m
    [2m      - retrying select option action[22m
    [2m        - waiting 500ms[22m


      63 |     const repeatSelect = page.locator('select').first();
      64 |     if (await repeatSelect.isVisible()) {
    > 65 |       await repeatSelect.selectOption('WEEKLY');
         |                          ^
      66 |     }
      67 |     
      68 |     // Submit
        at D:\Repo\Home Scheduler\tests\e2e\event-management.spec.ts:65:26

    Error Context: test-results\event-management-Event-Man-c500d-peating-event-and-delete-it-chromium\error-context.md


[1A[2K[4/8] [chromium] 鈥?tests\e2e\family-management.spec.ts:4:7 鈥?Family Management 鈥?can create a new family and add members
[1A[2K[5/8] [chromium] 鈥?tests\e2e\recurring-event-deletion.spec.ts:4:7 鈥?Recurring Event Deletion 鈥?app loads successfully
[1A[2K[6/8] [chromium] 鈥?tests\e2e\recurring-events.spec.ts:4:7 鈥?Recurring Events 鈥?can create a recurring event and view in calendar
[1A[2K[7/8] [chromium] 鈥?tests\e2e\simple-recurring-deletion.spec.ts:4:7 鈥?Recurring Event Deletion 鈥?app loads successfully
[1A[2K[8/8] [chromium] 鈥?tests\e2e\simple-recurring-deletion.spec.ts:10:7 鈥?Recurring Event Deletion 鈥?page content is accessible
[1A[2K  2) [chromium] 鈥?tests\e2e\simple-recurring-deletion.spec.ts:10:7 鈥?Recurring Event Deletion 鈥?page content is accessible 

    Test not found in the worker process. Make sure test title does not change.


[1A[2K  2 failed
    [chromium] 鈥?tests\e2e\event-management.spec.ts:4:7 鈥?Event Management 鈥?can create a repeating event and delete it 
    [chromium] 鈥?tests\e2e\simple-recurring-deletion.spec.ts:10:7 鈥?Recurring Event Deletion 鈥?page content is accessible 
  6 passed (1.6m)

[36m  Serving HTML report at http://localhost:9323. Press Ctrl+C to quit.[39m
