
> kimberly-scheduler@1.0.0 test:e2e
> playwright test


Running 17 tests using 1 worker

[1A[2K[1/17] [chromium] 鈥?tests\e2e\basic-test.spec.ts:3:5 鈥?app loads without errors
[1A[2K  1) [chromium] 鈥?tests\e2e\basic-test.spec.ts:3:5 鈥?app loads without errors 鈹€鈹€鈹€鈹€鈹€鈹€鈹€鈹€鈹€鈹€鈹€鈹€鈹€鈹€鈹€鈹€鈹€鈹€鈹€鈹€鈹€鈹€

    Error: browserType.launch: Executable doesn't exist at C:\Users\James\AppData\Local\ms-playwright\chromium_headless_shell-1208\chrome-headless-shell-win64\chrome-headless-shell.exe
    鈺斺晲鈺愨晲鈺愨晲鈺愨晲鈺愨晲鈺愨晲鈺愨晲鈺愨晲鈺愨晲鈺愨晲鈺愨晲鈺愨晲鈺愨晲鈺愨晲鈺愨晲鈺愨晲鈺愨晲鈺愨晲鈺愨晲鈺愨晲鈺愨晲鈺愨晲鈺愨晲鈺愨晲鈺愨晲鈺愨晲鈺愨晲鈺愨晲鈺愨晲鈺愨晲鈺愨晲鈺愨晲鈺愨晲鈺愨晲鈺愨晲鈺愨晲鈺愨晲鈺?    鈺?Looks like Playwright Test or Playwright was just installed or updated. 鈺?    鈺?Please run the following command to download new browsers:              鈺?    鈺?                                                                        鈺?    鈺?    npx playwright install                                              鈺?    鈺?                                                                        鈺?    鈺?<3 Playwright Team                                                      鈺?    鈺氣晲鈺愨晲鈺愨晲鈺愨晲鈺愨晲鈺愨晲鈺愨晲鈺愨晲鈺愨晲鈺愨晲鈺愨晲鈺愨晲鈺愨晲鈺愨晲鈺愨晲鈺愨晲鈺愨晲鈺愨晲鈺愨晲鈺愨晲鈺愨晲鈺愨晲鈺愨晲鈺愨晲鈺愨晲鈺愨晲鈺愨晲鈺愨晲鈺愨晲鈺愨晲鈺愨晲鈺愨晲鈺愨晲鈺愨晲鈺愨晲鈺愨晲鈺愨晲鈺?

[1A[2K[2/17] [chromium] 鈥?tests\e2e\basic-test.spec.ts:9:5 鈥?page has content
[1A[2K  2) [chromium] 鈥?tests\e2e\basic-test.spec.ts:9:5 鈥?page has content 鈹€鈹€鈹€鈹€鈹€鈹€鈹€鈹€鈹€鈹€鈹€鈹€鈹€鈹€鈹€鈹€鈹€鈹€鈹€鈹€鈹€鈹€鈹€鈹€鈹€鈹€鈹€鈹€鈹€鈹€

    Error: browserType.launch: Executable doesn't exist at C:\Users\James\AppData\Local\ms-playwright\chromium_headless_shell-1208\chrome-headless-shell-win64\chrome-headless-shell.exe
    鈺斺晲鈺愨晲鈺愨晲鈺愨晲鈺愨晲鈺愨晲鈺愨晲鈺愨晲鈺愨晲鈺愨晲鈺愨晲鈺愨晲鈺愨晲鈺愨晲鈺愨晲鈺愨晲鈺愨晲鈺愨晲鈺愨晲鈺愨晲鈺愨晲鈺愨晲鈺愨晲鈺愨晲鈺愨晲鈺愨晲鈺愨晲鈺愨晲鈺愨晲鈺愨晲鈺愨晲鈺愨晲鈺愨晲鈺愨晲鈺愨晲鈺愨晲鈺愨晲鈺?    鈺?Looks like Playwright Test or Playwright was just installed or updated. 鈺?    鈺?Please run the following command to download new browsers:              鈺?    鈺?                                                                        鈺?    鈺?    npx playwright install                                              鈺?    鈺?                                                                        鈺?    鈺?<3 Playwright Team                                                      鈺?    鈺氣晲鈺愨晲鈺愨晲鈺愨晲鈺愨晲鈺愨晲鈺愨晲鈺愨晲鈺愨晲鈺愨晲鈺愨晲鈺愨晲鈺愨晲鈺愨晲鈺愨晲鈺愨晲鈺愨晲鈺愨晲鈺愨晲鈺愨晲鈺愨晲鈺愨晲鈺愨晲鈺愨晲鈺愨晲鈺愨晲鈺愨晲鈺愨晲鈺愨晲鈺愨晲鈺愨晲鈺愨晲鈺愨晲鈺愨晲鈺愨晲鈺愨晲鈺愨晲鈺?

[1A[2K[3/17] [chromium] 鈥?tests\e2e\calendar-views.spec.ts:4:7 鈥?Calendar Views 鈥?app homepage loads
[1A[2K  3) [chromium] 鈥?tests\e2e\calendar-views.spec.ts:4:7 鈥?Calendar Views 鈥?app homepage loads 鈹€鈹€鈹€鈹€鈹€鈹€鈹€

    Error: browserType.launch: Executable doesn't exist at C:\Users\James\AppData\Local\ms-playwright\chromium_headless_shell-1208\chrome-headless-shell-win64\chrome-headless-shell.exe
    鈺斺晲鈺愨晲鈺愨晲鈺愨晲鈺愨晲鈺愨晲鈺愨晲鈺愨晲鈺愨晲鈺愨晲鈺愨晲鈺愨晲鈺愨晲鈺愨晲鈺愨晲鈺愨晲鈺愨晲鈺愨晲鈺愨晲鈺愨晲鈺愨晲鈺愨晲鈺愨晲鈺愨晲鈺愨晲鈺愨晲鈺愨晲鈺愨晲鈺愨晲鈺愨晲鈺愨晲鈺愨晲鈺愨晲鈺愨晲鈺愨晲鈺愨晲鈺愨晲鈺?    鈺?Looks like Playwright Test or Playwright was just installed or updated. 鈺?    鈺?Please run the following command to download new browsers:              鈺?    鈺?                                                                        鈺?    鈺?    npx playwright install                                              鈺?    鈺?                                                                        鈺?    鈺?<3 Playwright Team                                                      鈺?    鈺氣晲鈺愨晲鈺愨晲鈺愨晲鈺愨晲鈺愨晲鈺愨晲鈺愨晲鈺愨晲鈺愨晲鈺愨晲鈺愨晲鈺愨晲鈺愨晲鈺愨晲鈺愨晲鈺愨晲鈺愨晲鈺愨晲鈺愨晲鈺愨晲鈺愨晲鈺愨晲鈺愨晲鈺愨晲鈺愨晲鈺愨晲鈺愨晲鈺愨晲鈺愨晲鈺愨晲鈺愨晲鈺愨晲鈺愨晲鈺愨晲鈺愨晲鈺愨晲鈺?

[1A[2K[4/17] [chromium] 鈥?tests\e2e\calendar-views.spec.ts:12:7 鈥?Calendar Views 鈥?page remains accessible
[1A[2K  4) [chromium] 鈥?tests\e2e\calendar-views.spec.ts:12:7 鈥?Calendar Views 鈥?page remains accessible 鈹€

    Error: browserType.launch: Executable doesn't exist at C:\Users\James\AppData\Local\ms-playwright\chromium_headless_shell-1208\chrome-headless-shell-win64\chrome-headless-shell.exe
    鈺斺晲鈺愨晲鈺愨晲鈺愨晲鈺愨晲鈺愨晲鈺愨晲鈺愨晲鈺愨晲鈺愨晲鈺愨晲鈺愨晲鈺愨晲鈺愨晲鈺愨晲鈺愨晲鈺愨晲鈺愨晲鈺愨晲鈺愨晲鈺愨晲鈺愨晲鈺愨晲鈺愨晲鈺愨晲鈺愨晲鈺愨晲鈺愨晲鈺愨晲鈺愨晲鈺愨晲鈺愨晲鈺愨晲鈺愨晲鈺愨晲鈺愨晲鈺愨晲鈺?    鈺?Looks like Playwright Test or Playwright was just installed or updated. 鈺?    鈺?Please run the following command to download new browsers:              鈺?    鈺?                                                                        鈺?    鈺?    npx playwright install                                              鈺?    鈺?                                                                        鈺?    鈺?<3 Playwright Team                                                      鈺?    鈺氣晲鈺愨晲鈺愨晲鈺愨晲鈺愨晲鈺愨晲鈺愨晲鈺愨晲鈺愨晲鈺愨晲鈺愨晲鈺愨晲鈺愨晲鈺愨晲鈺愨晲鈺愨晲鈺愨晲鈺愨晲鈺愨晲鈺愨晲鈺愨晲鈺愨晲鈺愨晲鈺愨晲鈺愨晲鈺愨晲鈺愨晲鈺愨晲鈺愨晲鈺愨晲鈺愨晲鈺愨晲鈺愨晲鈺愨晲鈺愨晲鈺愨晲鈺愨晲鈺?

[1A[2K[5/17] [chromium] 鈥?tests\e2e\calendar-views.spec.ts:19:7 鈥?Calendar Views 鈥?layout renders correctly
[1A[2K  5) [chromium] 鈥?tests\e2e\calendar-views.spec.ts:19:7 鈥?Calendar Views 鈥?layout renders correctly 

    Error: browserType.launch: Executable doesn't exist at C:\Users\James\AppData\Local\ms-playwright\chromium_headless_shell-1208\chrome-headless-shell-win64\chrome-headless-shell.exe
    鈺斺晲鈺愨晲鈺愨晲鈺愨晲鈺愨晲鈺愨晲鈺愨晲鈺愨晲鈺愨晲鈺愨晲鈺愨晲鈺愨晲鈺愨晲鈺愨晲鈺愨晲鈺愨晲鈺愨晲鈺愨晲鈺愨晲鈺愨晲鈺愨晲鈺愨晲鈺愨晲鈺愨晲鈺愨晲鈺愨晲鈺愨晲鈺愨晲鈺愨晲鈺愨晲鈺愨晲鈺愨晲鈺愨晲鈺愨晲鈺愨晲鈺愨晲鈺愨晲鈺?    鈺?Looks like Playwright Test or Playwright was just installed or updated. 鈺?    鈺?Please run the following command to download new browsers:              鈺?    鈺?                                                                        鈺?    鈺?    npx playwright install                                              鈺?    鈺?                                                                        鈺?    鈺?<3 Playwright Team                                                      鈺?    鈺氣晲鈺愨晲鈺愨晲鈺愨晲鈺愨晲鈺愨晲鈺愨晲鈺愨晲鈺愨晲鈺愨晲鈺愨晲鈺愨晲鈺愨晲鈺愨晲鈺愨晲鈺愨晲鈺愨晲鈺愨晲鈺愨晲鈺愨晲鈺愨晲鈺愨晲鈺愨晲鈺愨晲鈺愨晲鈺愨晲鈺愨晲鈺愨晲鈺愨晲鈺愨晲鈺愨晲鈺愨晲鈺愨晲鈺愨晲鈺愨晲鈺愨晲鈺愨晲鈺?

[1A[2K[6/17] [chromium] 鈥?tests\e2e\event-management.spec.ts:4:7 鈥?Event Management 鈥?app homepage loads
[1A[2K  6) [chromium] 鈥?tests\e2e\event-management.spec.ts:4:7 鈥?Event Management 鈥?app homepage loads 鈹€鈹€鈹€

    Error: browserType.launch: Executable doesn't exist at C:\Users\James\AppData\Local\ms-playwright\chromium_headless_shell-1208\chrome-headless-shell-win64\chrome-headless-shell.exe
    鈺斺晲鈺愨晲鈺愨晲鈺愨晲鈺愨晲鈺愨晲鈺愨晲鈺愨晲鈺愨晲鈺愨晲鈺愨晲鈺愨晲鈺愨晲鈺愨晲鈺愨晲鈺愨晲鈺愨晲鈺愨晲鈺愨晲鈺愨晲鈺愨晲鈺愨晲鈺愨晲鈺愨晲鈺愨晲鈺愨晲鈺愨晲鈺愨晲鈺愨晲鈺愨晲鈺愨晲鈺愨晲鈺愨晲鈺愨晲鈺愨晲鈺愨晲鈺愨晲鈺?    鈺?Looks like Playwright Test or Playwright was just installed or updated. 鈺?    鈺?Please run the following command to download new browsers:              鈺?    鈺?                                                                        鈺?    鈺?    npx playwright install                                              鈺?    鈺?                                                                        鈺?    鈺?<3 Playwright Team                                                      鈺?    鈺氣晲鈺愨晲鈺愨晲鈺愨晲鈺愨晲鈺愨晲鈺愨晲鈺愨晲鈺愨晲鈺愨晲鈺愨晲鈺愨晲鈺愨晲鈺愨晲鈺愨晲鈺愨晲鈺愨晲鈺愨晲鈺愨晲鈺愨晲鈺愨晲鈺愨晲鈺愨晲鈺愨晲鈺愨晲鈺愨晲鈺愨晲鈺愨晲鈺愨晲鈺愨晲鈺愨晲鈺愨晲鈺愨晲鈺愨晲鈺愨晲鈺愨晲鈺愨晲鈺?

[1A[2K[7/17] [chromium] 鈥?tests\e2e\event-management.spec.ts:10:7 鈥?Event Management 鈥?app content is accessible
[1A[2K  7) [chromium] 鈥?tests\e2e\event-management.spec.ts:10:7 鈥?Event Management 鈥?app content is accessible 

    Error: browserType.launch: Executable doesn't exist at C:\Users\James\AppData\Local\ms-playwright\chromium_headless_shell-1208\chrome-headless-shell-win64\chrome-headless-shell.exe
    鈺斺晲鈺愨晲鈺愨晲鈺愨晲鈺愨晲鈺愨晲鈺愨晲鈺愨晲鈺愨晲鈺愨晲鈺愨晲鈺愨晲鈺愨晲鈺愨晲鈺愨晲鈺愨晲鈺愨晲鈺愨晲鈺愨晲鈺愨晲鈺愨晲鈺愨晲鈺愨晲鈺愨晲鈺愨晲鈺愨晲鈺愨晲鈺愨晲鈺愨晲鈺愨晲鈺愨晲鈺愨晲鈺愨晲鈺愨晲鈺愨晲鈺愨晲鈺愨晲鈺?    鈺?Looks like Playwright Test or Playwright was just installed or updated. 鈺?    鈺?Please run the following command to download new browsers:              鈺?    鈺?                                                                        鈺?    鈺?    npx playwright install                                              鈺?    鈺?                                                                        鈺?    鈺?<3 Playwright Team                                                      鈺?    鈺氣晲鈺愨晲鈺愨晲鈺愨晲鈺愨晲鈺愨晲鈺愨晲鈺愨晲鈺愨晲鈺愨晲鈺愨晲鈺愨晲鈺愨晲鈺愨晲鈺愨晲鈺愨晲鈺愨晲鈺愨晲鈺愨晲鈺愨晲鈺愨晲鈺愨晲鈺愨晲鈺愨晲鈺愨晲鈺愨晲鈺愨晲鈺愨晲鈺愨晲鈺愨晲鈺愨晲鈺愨晲鈺愨晲鈺愨晲鈺愨晲鈺愨晲鈺愨晲鈺?

[1A[2K[8/17] [chromium] 鈥?tests\e2e\family-management.spec.ts:4:7 鈥?Family Management 鈥?app loads successfully
[1A[2K  8) [chromium] 鈥?tests\e2e\family-management.spec.ts:4:7 鈥?Family Management 鈥?app loads successfully 

    Error: browserType.launch: Executable doesn't exist at C:\Users\James\AppData\Local\ms-playwright\chromium_headless_shell-1208\chrome-headless-shell-win64\chrome-headless-shell.exe
    鈺斺晲鈺愨晲鈺愨晲鈺愨晲鈺愨晲鈺愨晲鈺愨晲鈺愨晲鈺愨晲鈺愨晲鈺愨晲鈺愨晲鈺愨晲鈺愨晲鈺愨晲鈺愨晲鈺愨晲鈺愨晲鈺愨晲鈺愨晲鈺愨晲鈺愨晲鈺愨晲鈺愨晲鈺愨晲鈺愨晲鈺愨晲鈺愨晲鈺愨晲鈺愨晲鈺愨晲鈺愨晲鈺愨晲鈺愨晲鈺愨晲鈺愨晲鈺愨晲鈺?    鈺?Looks like Playwright Test or Playwright was just installed or updated. 鈺?    鈺?Please run the following command to download new browsers:              鈺?    鈺?                                                                        鈺?    鈺?    npx playwright install                                              鈺?    鈺?                                                                        鈺?    鈺?<3 Playwright Team                                                      鈺?    鈺氣晲鈺愨晲鈺愨晲鈺愨晲鈺愨晲鈺愨晲鈺愨晲鈺愨晲鈺愨晲鈺愨晲鈺愨晲鈺愨晲鈺愨晲鈺愨晲鈺愨晲鈺愨晲鈺愨晲鈺愨晲鈺愨晲鈺愨晲鈺愨晲鈺愨晲鈺愨晲鈺愨晲鈺愨晲鈺愨晲鈺愨晲鈺愨晲鈺愨晲鈺愨晲鈺愨晲鈺愨晲鈺愨晲鈺愨晲鈺愨晲鈺愨晲鈺愨晲鈺?

[1A[2K[9/17] [chromium] 鈥?tests\e2e\family-management.spec.ts:10:7 鈥?Family Management 鈥?page renders content
[1A[2K  9) [chromium] 鈥?tests\e2e\family-management.spec.ts:10:7 鈥?Family Management 鈥?page renders content 

    Error: browserType.launch: Executable doesn't exist at C:\Users\James\AppData\Local\ms-playwright\chromium_headless_shell-1208\chrome-headless-shell-win64\chrome-headless-shell.exe
    鈺斺晲鈺愨晲鈺愨晲鈺愨晲鈺愨晲鈺愨晲鈺愨晲鈺愨晲鈺愨晲鈺愨晲鈺愨晲鈺愨晲鈺愨晲鈺愨晲鈺愨晲鈺愨晲鈺愨晲鈺愨晲鈺愨晲鈺愨晲鈺愨晲鈺愨晲鈺愨晲鈺愨晲鈺愨晲鈺愨晲鈺愨晲鈺愨晲鈺愨晲鈺愨晲鈺愨晲鈺愨晲鈺愨晲鈺愨晲鈺愨晲鈺愨晲鈺愨晲鈺?    鈺?Looks like Playwright Test or Playwright was just installed or updated. 鈺?    鈺?Please run the following command to download new browsers:              鈺?    鈺?                                                                        鈺?    鈺?    npx playwright install                                              鈺?    鈺?                                                                        鈺?    鈺?<3 Playwright Team                                                      鈺?    鈺氣晲鈺愨晲鈺愨晲鈺愨晲鈺愨晲鈺愨晲鈺愨晲鈺愨晲鈺愨晲鈺愨晲鈺愨晲鈺愨晲鈺愨晲鈺愨晲鈺愨晲鈺愨晲鈺愨晲鈺愨晲鈺愨晲鈺愨晲鈺愨晲鈺愨晲鈺愨晲鈺愨晲鈺愨晲鈺愨晲鈺愨晲鈺愨晲鈺愨晲鈺愨晲鈺愨晲鈺愨晲鈺愨晲鈺愨晲鈺愨晲鈺愨晲鈺愨晲鈺?

[1A[2K[10/17] [chromium] 鈥?tests\e2e\family-management.spec.ts:16:7 鈥?Family Management 鈥?can navigate the app
[1A[2K  10) [chromium] 鈥?tests\e2e\family-management.spec.ts:16:7 鈥?Family Management 鈥?can navigate the app 

    Error: browserType.launch: Executable doesn't exist at C:\Users\James\AppData\Local\ms-playwright\chromium_headless_shell-1208\chrome-headless-shell-win64\chrome-headless-shell.exe
    鈺斺晲鈺愨晲鈺愨晲鈺愨晲鈺愨晲鈺愨晲鈺愨晲鈺愨晲鈺愨晲鈺愨晲鈺愨晲鈺愨晲鈺愨晲鈺愨晲鈺愨晲鈺愨晲鈺愨晲鈺愨晲鈺愨晲鈺愨晲鈺愨晲鈺愨晲鈺愨晲鈺愨晲鈺愨晲鈺愨晲鈺愨晲鈺愨晲鈺愨晲鈺愨晲鈺愨晲鈺愨晲鈺愨晲鈺愨晲鈺愨晲鈺愨晲鈺愨晲鈺?    鈺?Looks like Playwright Test or Playwright was just installed or updated. 鈺?    鈺?Please run the following command to download new browsers:              鈺?    鈺?                                                                        鈺?    鈺?    npx playwright install                                              鈺?    鈺?                                                                        鈺?    鈺?<3 Playwright Team                                                      鈺?    鈺氣晲鈺愨晲鈺愨晲鈺愨晲鈺愨晲鈺愨晲鈺愨晲鈺愨晲鈺愨晲鈺愨晲鈺愨晲鈺愨晲鈺愨晲鈺愨晲鈺愨晲鈺愨晲鈺愨晲鈺愨晲鈺愨晲鈺愨晲鈺愨晲鈺愨晲鈺愨晲鈺愨晲鈺愨晲鈺愨晲鈺愨晲鈺愨晲鈺愨晲鈺愨晲鈺愨晲鈺愨晲鈺愨晲鈺愨晲鈺愨晲鈺愨晲鈺愨晲鈺?

[1A[2K[11/17] [chromium] 鈥?tests\e2e\recurring-event-deletion.spec.ts:4:7 鈥?Recurring Event Deletion 鈥?app loads without errors
[1A[2K  11) [chromium] 鈥?tests\e2e\recurring-event-deletion.spec.ts:4:7 鈥?Recurring Event Deletion 鈥?app loads without errors 

    Error: browserType.launch: Executable doesn't exist at C:\Users\James\AppData\Local\ms-playwright\chromium_headless_shell-1208\chrome-headless-shell-win64\chrome-headless-shell.exe
    鈺斺晲鈺愨晲鈺愨晲鈺愨晲鈺愨晲鈺愨晲鈺愨晲鈺愨晲鈺愨晲鈺愨晲鈺愨晲鈺愨晲鈺愨晲鈺愨晲鈺愨晲鈺愨晲鈺愨晲鈺愨晲鈺愨晲鈺愨晲鈺愨晲鈺愨晲鈺愨晲鈺愨晲鈺愨晲鈺愨晲鈺愨晲鈺愨晲鈺愨晲鈺愨晲鈺愨晲鈺愨晲鈺愨晲鈺愨晲鈺愨晲鈺愨晲鈺愨晲鈺?    鈺?Looks like Playwright Test or Playwright was just installed or updated. 鈺?    鈺?Please run the following command to download new browsers:              鈺?    鈺?                                                                        鈺?    鈺?    npx playwright install                                              鈺?    鈺?                                                                        鈺?    鈺?<3 Playwright Team                                                      鈺?    鈺氣晲鈺愨晲鈺愨晲鈺愨晲鈺愨晲鈺愨晲鈺愨晲鈺愨晲鈺愨晲鈺愨晲鈺愨晲鈺愨晲鈺愨晲鈺愨晲鈺愨晲鈺愨晲鈺愨晲鈺愨晲鈺愨晲鈺愨晲鈺愨晲鈺愨晲鈺愨晲鈺愨晲鈺愨晲鈺愨晲鈺愨晲鈺愨晲鈺愨晲鈺愨晲鈺愨晲鈺愨晲鈺愨晲鈺愨晲鈺愨晲鈺愨晲鈺愨晲鈺?

[1A[2K[12/17] [chromium] 鈥?tests\e2e\recurring-event-deletion.spec.ts:10:7 鈥?Recurring Event Deletion 鈥?page renders properly
[1A[2K  12) [chromium] 鈥?tests\e2e\recurring-event-deletion.spec.ts:10:7 鈥?Recurring Event Deletion 鈥?page renders properly 

    Error: browserType.launch: Executable doesn't exist at C:\Users\James\AppData\Local\ms-playwright\chromium_headless_shell-1208\chrome-headless-shell-win64\chrome-headless-shell.exe
    鈺斺晲鈺愨晲鈺愨晲鈺愨晲鈺愨晲鈺愨晲鈺愨晲鈺愨晲鈺愨晲鈺愨晲鈺愨晲鈺愨晲鈺愨晲鈺愨晲鈺愨晲鈺愨晲鈺愨晲鈺愨晲鈺愨晲鈺愨晲鈺愨晲鈺愨晲鈺愨晲鈺愨晲鈺愨晲鈺愨晲鈺愨晲鈺愨晲鈺愨晲鈺愨晲鈺愨晲鈺愨晲鈺愨晲鈺愨晲鈺愨晲鈺愨晲鈺愨晲鈺?    鈺?Looks like Playwright Test or Playwright was just installed or updated. 鈺?    鈺?Please run the following command to download new browsers:              鈺?    鈺?                                                                        鈺?    鈺?    npx playwright install                                              鈺?    鈺?                                                                        鈺?    鈺?<3 Playwright Team                                                      鈺?    鈺氣晲鈺愨晲鈺愨晲鈺愨晲鈺愨晲鈺愨晲鈺愨晲鈺愨晲鈺愨晲鈺愨晲鈺愨晲鈺愨晲鈺愨晲鈺愨晲鈺愨晲鈺愨晲鈺愨晲鈺愨晲鈺愨晲鈺愨晲鈺愨晲鈺愨晲鈺愨晲鈺愨晲鈺愨晲鈺愨晲鈺愨晲鈺愨晲鈺愨晲鈺愨晲鈺愨晲鈺愨晲鈺愨晲鈺愨晲鈺愨晲鈺愨晲鈺愨晲鈺?

[1A[2K[13/17] [chromium] 鈥?tests\e2e\recurring-events.spec.ts:4:7 鈥?Recurring Events 鈥?app loads successfully
[1A[2K  13) [chromium] 鈥?tests\e2e\recurring-events.spec.ts:4:7 鈥?Recurring Events 鈥?app loads successfully 

    Error: browserType.launch: Executable doesn't exist at C:\Users\James\AppData\Local\ms-playwright\chromium_headless_shell-1208\chrome-headless-shell-win64\chrome-headless-shell.exe
    鈺斺晲鈺愨晲鈺愨晲鈺愨晲鈺愨晲鈺愨晲鈺愨晲鈺愨晲鈺愨晲鈺愨晲鈺愨晲鈺愨晲鈺愨晲鈺愨晲鈺愨晲鈺愨晲鈺愨晲鈺愨晲鈺愨晲鈺愨晲鈺愨晲鈺愨晲鈺愨晲鈺愨晲鈺愨晲鈺愨晲鈺愨晲鈺愨晲鈺愨晲鈺愨晲鈺愨晲鈺愨晲鈺愨晲鈺愨晲鈺愨晲鈺愨晲鈺愨晲鈺?    鈺?Looks like Playwright Test or Playwright was just installed or updated. 鈺?    鈺?Please run the following command to download new browsers:              鈺?    鈺?                                                                        鈺?    鈺?    npx playwright install                                              鈺?    鈺?                                                                        鈺?    鈺?<3 Playwright Team                                                      鈺?    鈺氣晲鈺愨晲鈺愨晲鈺愨晲鈺愨晲鈺愨晲鈺愨晲鈺愨晲鈺愨晲鈺愨晲鈺愨晲鈺愨晲鈺愨晲鈺愨晲鈺愨晲鈺愨晲鈺愨晲鈺愨晲鈺愨晲鈺愨晲鈺愨晲鈺愨晲鈺愨晲鈺愨晲鈺愨晲鈺愨晲鈺愨晲鈺愨晲鈺愨晲鈺愨晲鈺愨晲鈺愨晲鈺愨晲鈺愨晲鈺愨晲鈺愨晲鈺愨晲鈺?

[1A[2K[14/17] [chromium] 鈥?tests\e2e\recurring-events.spec.ts:10:7 鈥?Recurring Events 鈥?page is accessible
[1A[2K  14) [chromium] 鈥?tests\e2e\recurring-events.spec.ts:10:7 鈥?Recurring Events 鈥?page is accessible 鈹€

    Error: browserType.launch: Executable doesn't exist at C:\Users\James\AppData\Local\ms-playwright\chromium_headless_shell-1208\chrome-headless-shell-win64\chrome-headless-shell.exe
    鈺斺晲鈺愨晲鈺愨晲鈺愨晲鈺愨晲鈺愨晲鈺愨晲鈺愨晲鈺愨晲鈺愨晲鈺愨晲鈺愨晲鈺愨晲鈺愨晲鈺愨晲鈺愨晲鈺愨晲鈺愨晲鈺愨晲鈺愨晲鈺愨晲鈺愨晲鈺愨晲鈺愨晲鈺愨晲鈺愨晲鈺愨晲鈺愨晲鈺愨晲鈺愨晲鈺愨晲鈺愨晲鈺愨晲鈺愨晲鈺愨晲鈺愨晲鈺愨晲鈺?    鈺?Looks like Playwright Test or Playwright was just installed or updated. 鈺?    鈺?Please run the following command to download new browsers:              鈺?    鈺?                                                                        鈺?    鈺?    npx playwright install                                              鈺?    鈺?                                                                        鈺?    鈺?<3 Playwright Team                                                      鈺?    鈺氣晲鈺愨晲鈺愨晲鈺愨晲鈺愨晲鈺愨晲鈺愨晲鈺愨晲鈺愨晲鈺愨晲鈺愨晲鈺愨晲鈺愨晲鈺愨晲鈺愨晲鈺愨晲鈺愨晲鈺愨晲鈺愨晲鈺愨晲鈺愨晲鈺愨晲鈺愨晲鈺愨晲鈺愨晲鈺愨晲鈺愨晲鈺愨晲鈺愨晲鈺愨晲鈺愨晲鈺愨晲鈺愨晲鈺愨晲鈺愨晲鈺愨晲鈺愨晲鈺?

[1A[2K[15/17] [chromium] 鈥?tests\e2e\recurring-events.spec.ts:16:7 鈥?Recurring Events 鈥?app renders properly
[1A[2K  15) [chromium] 鈥?tests\e2e\recurring-events.spec.ts:16:7 鈥?Recurring Events 鈥?app renders properly 

    Error: browserType.launch: Executable doesn't exist at C:\Users\James\AppData\Local\ms-playwright\chromium_headless_shell-1208\chrome-headless-shell-win64\chrome-headless-shell.exe
    鈺斺晲鈺愨晲鈺愨晲鈺愨晲鈺愨晲鈺愨晲鈺愨晲鈺愨晲鈺愨晲鈺愨晲鈺愨晲鈺愨晲鈺愨晲鈺愨晲鈺愨晲鈺愨晲鈺愨晲鈺愨晲鈺愨晲鈺愨晲鈺愨晲鈺愨晲鈺愨晲鈺愨晲鈺愨晲鈺愨晲鈺愨晲鈺愨晲鈺愨晲鈺愨晲鈺愨晲鈺愨晲鈺愨晲鈺愨晲鈺愨晲鈺愨晲鈺愨晲鈺?    鈺?Looks like Playwright Test or Playwright was just installed or updated. 鈺?    鈺?Please run the following command to download new browsers:              鈺?    鈺?                                                                        鈺?    鈺?    npx playwright install                                              鈺?    鈺?                                                                        鈺?    鈺?<3 Playwright Team                                                      鈺?    鈺氣晲鈺愨晲鈺愨晲鈺愨晲鈺愨晲鈺愨晲鈺愨晲鈺愨晲鈺愨晲鈺愨晲鈺愨晲鈺愨晲鈺愨晲鈺愨晲鈺愨晲鈺愨晲鈺愨晲鈺愨晲鈺愨晲鈺愨晲鈺愨晲鈺愨晲鈺愨晲鈺愨晲鈺愨晲鈺愨晲鈺愨晲鈺愨晲鈺愨晲鈺愨晲鈺愨晲鈺愨晲鈺愨晲鈺愨晲鈺愨晲鈺愨晲鈺愨晲鈺?

[1A[2K[16/17] [chromium] 鈥?tests\e2e\simple-recurring-deletion.spec.ts:4:7 鈥?Recurring Event Deletion 鈥?app loads successfully
[1A[2K  16) [chromium] 鈥?tests\e2e\simple-recurring-deletion.spec.ts:4:7 鈥?Recurring Event Deletion 鈥?app loads successfully 

    Error: browserType.launch: Executable doesn't exist at C:\Users\James\AppData\Local\ms-playwright\chromium_headless_shell-1208\chrome-headless-shell-win64\chrome-headless-shell.exe
    鈺斺晲鈺愨晲鈺愨晲鈺愨晲鈺愨晲鈺愨晲鈺愨晲鈺愨晲鈺愨晲鈺愨晲鈺愨晲鈺愨晲鈺愨晲鈺愨晲鈺愨晲鈺愨晲鈺愨晲鈺愨晲鈺愨晲鈺愨晲鈺愨晲鈺愨晲鈺愨晲鈺愨晲鈺愨晲鈺愨晲鈺愨晲鈺愨晲鈺愨晲鈺愨晲鈺愨晲鈺愨晲鈺愨晲鈺愨晲鈺愨晲鈺愨晲鈺愨晲鈺?    鈺?Looks like Playwright Test or Playwright was just installed or updated. 鈺?    鈺?Please run the following command to download new browsers:              鈺?    鈺?                                                                        鈺?    鈺?    npx playwright install                                              鈺?    鈺?                                                                        鈺?    鈺?<3 Playwright Team                                                      鈺?    鈺氣晲鈺愨晲鈺愨晲鈺愨晲鈺愨晲鈺愨晲鈺愨晲鈺愨晲鈺愨晲鈺愨晲鈺愨晲鈺愨晲鈺愨晲鈺愨晲鈺愨晲鈺愨晲鈺愨晲鈺愨晲鈺愨晲鈺愨晲鈺愨晲鈺愨晲鈺愨晲鈺愨晲鈺愨晲鈺愨晲鈺愨晲鈺愨晲鈺愨晲鈺愨晲鈺愨晲鈺愨晲鈺愨晲鈺愨晲鈺愨晲鈺愨晲鈺愨晲鈺?

[1A[2K[17/17] [chromium] 鈥?tests\e2e\simple-recurring-deletion.spec.ts:10:7 鈥?Recurring Event Deletion 鈥?page content is accessible
[1A[2K  17) [chromium] 鈥?tests\e2e\simple-recurring-deletion.spec.ts:10:7 鈥?Recurring Event Deletion 鈥?page content is accessible 

    Error: browserType.launch: Executable doesn't exist at C:\Users\James\AppData\Local\ms-playwright\chromium_headless_shell-1208\chrome-headless-shell-win64\chrome-headless-shell.exe
    鈺斺晲鈺愨晲鈺愨晲鈺愨晲鈺愨晲鈺愨晲鈺愨晲鈺愨晲鈺愨晲鈺愨晲鈺愨晲鈺愨晲鈺愨晲鈺愨晲鈺愨晲鈺愨晲鈺愨晲鈺愨晲鈺愨晲鈺愨晲鈺愨晲鈺愨晲鈺愨晲鈺愨晲鈺愨晲鈺愨晲鈺愨晲鈺愨晲鈺愨晲鈺愨晲鈺愨晲鈺愨晲鈺愨晲鈺愨晲鈺愨晲鈺愨晲鈺愨晲鈺?    鈺?Looks like Playwright Test or Playwright was just installed or updated. 鈺?    鈺?Please run the following command to download new browsers:              鈺?    鈺?                                                                        鈺?    鈺?    npx playwright install                                              鈺?    鈺?                                                                        鈺?    鈺?<3 Playwright Team                                                      鈺?    鈺氣晲鈺愨晲鈺愨晲鈺愨晲鈺愨晲鈺愨晲鈺愨晲鈺愨晲鈺愨晲鈺愨晲鈺愨晲鈺愨晲鈺愨晲鈺愨晲鈺愨晲鈺愨晲鈺愨晲鈺愨晲鈺愨晲鈺愨晲鈺愨晲鈺愨晲鈺愨晲鈺愨晲鈺愨晲鈺愨晲鈺愨晲鈺愨晲鈺愨晲鈺愨晲鈺愨晲鈺愨晲鈺愨晲鈺愨晲鈺愨晲鈺愨晲鈺愨晲鈺?

[1A[2K  17 failed
    [chromium] 鈥?tests\e2e\basic-test.spec.ts:3:5 鈥?app loads without errors 鈹€鈹€鈹€鈹€鈹€鈹€鈹€鈹€鈹€鈹€鈹€鈹€鈹€鈹€鈹€鈹€鈹€鈹€鈹€鈹€鈹€鈹€鈹€
    [chromium] 鈥?tests\e2e\basic-test.spec.ts:9:5 鈥?page has content 鈹€鈹€鈹€鈹€鈹€鈹€鈹€鈹€鈹€鈹€鈹€鈹€鈹€鈹€鈹€鈹€鈹€鈹€鈹€鈹€鈹€鈹€鈹€鈹€鈹€鈹€鈹€鈹€鈹€鈹€鈹€
    [chromium] 鈥?tests\e2e\calendar-views.spec.ts:4:7 鈥?Calendar Views 鈥?app homepage loads 鈹€鈹€鈹€鈹€鈹€鈹€鈹€鈹€
    [chromium] 鈥?tests\e2e\calendar-views.spec.ts:12:7 鈥?Calendar Views 鈥?page remains accessible 鈹€鈹€
    [chromium] 鈥?tests\e2e\calendar-views.spec.ts:19:7 鈥?Calendar Views 鈥?layout renders correctly 鈹€
    [chromium] 鈥?tests\e2e\event-management.spec.ts:4:7 鈥?Event Management 鈥?app homepage loads 鈹€鈹€鈹€鈹€
    [chromium] 鈥?tests\e2e\event-management.spec.ts:10:7 鈥?Event Management 鈥?app content is accessible 
    [chromium] 鈥?tests\e2e\family-management.spec.ts:4:7 鈥?Family Management 鈥?app loads successfully 
    [chromium] 鈥?tests\e2e\family-management.spec.ts:10:7 鈥?Family Management 鈥?page renders content 
    [chromium] 鈥?tests\e2e\family-management.spec.ts:16:7 鈥?Family Management 鈥?can navigate the app 
    [chromium] 鈥?tests\e2e\recurring-event-deletion.spec.ts:4:7 鈥?Recurring Event Deletion 鈥?app loads without errors 
    [chromium] 鈥?tests\e2e\recurring-event-deletion.spec.ts:10:7 鈥?Recurring Event Deletion 鈥?page renders properly 
    [chromium] 鈥?tests\e2e\recurring-events.spec.ts:4:7 鈥?Recurring Events 鈥?app loads successfully 
    [chromium] 鈥?tests\e2e\recurring-events.spec.ts:10:7 鈥?Recurring Events 鈥?page is accessible 鈹€鈹€鈹€
    [chromium] 鈥?tests\e2e\recurring-events.spec.ts:16:7 鈥?Recurring Events 鈥?app renders properly 鈹€
    [chromium] 鈥?tests\e2e\simple-recurring-deletion.spec.ts:4:7 鈥?Recurring Event Deletion 鈥?app loads successfully 
    [chromium] 鈥?tests\e2e\simple-recurring-deletion.spec.ts:10:7 鈥?Recurring Event Deletion 鈥?page content is accessible 

[36m  Serving HTML report at http://localhost:62042. Press Ctrl+C to quit.[39m
